
 - final statistics:
25 variables; iteration 0; function evaluation 0
Function value 3.1762e+03; maximum gradient component mag 6.7450e-03
Exit code = 0;  converg criter 1.0000e+01
Var    Value     Gradient |Var    Value     Gradient |Var    Value     Gradient
  1 -0.01944  6.74495e-03 |  2 -0.54602 -2.44266e-05 |  3 -0.66751 -1.01524e-05
  4 -0.80620 -9.78823e-06 |  5 -0.70828 -1.34646e-05 |  6 -0.75446 -3.38987e-06
  7 -0.77266 -7.02099e-06 |  8 -0.82320  4.07577e-06 |  9 -0.84949  1.42326e-06
 10 -0.82793  1.77526e-06 | 11 -0.74298 -1.75951e-06 | 12 -0.81956 -3.59533e-06
 13 -0.81253 -6.56386e-06 | 14 -0.79205 -7.63852e-07 | 15 -0.79715 -4.14447e-06
 16 -0.80892  7.75573e-06 | 17 -0.80964 -3.30982e-06 | 18 -0.78523  1.47974e-05
 19 -0.79468  1.20620e-05 | 20 -0.78870 -8.31986e-06 | 21 -0.84288  1.00945e-06
 22 -0.84236  1.23677e-06 | 23 -0.86072  8.69725e-06 | 24 -0.89418 -7.79033e-06
 25 -0.89780 -6.71880e-07 |

 - final statistics:
33 variables; iteration 0; function evaluation 0
Function value 3.1762e+03; maximum gradient component mag 6.7449e-03
Exit code = 0;  converg criter 1.0000e+01
Var    Value     Gradient |Var    Value     Gradient |Var    Value     Gradient
  1 -0.01944  6.74495e-03 |  2 -0.00020  1.36013e-05 |  3  0.09584  2.98212e-05
  4 -0.05367 -1.60973e-05 |  5 -0.10025  1.14791e-05 |  6  0.02672  2.20915e-05
  7  0.01801  3.66465e-05 |  8 -0.02659  3.81201e-05 |  9  0.02205  3.62263e-05
 10 -0.54602 -2.44266e-05 | 11 -0.66751 -1.01524e-05 | 12 -0.80620 -9.78822e-06
 13 -0.70828 -1.34646e-05 | 14 -0.75446 -3.38986e-06 | 15 -0.77266 -7.02099e-06
 16 -0.82320  4.07577e-06 | 17 -0.84949  1.42327e-06 | 18 -0.82793  1.77527e-06
 19 -0.74298 -1.75950e-06 | 20 -0.81956 -3.59532e-06 | 21 -0.81253 -6.56386e-06
 22 -0.79205 -7.63850e-07 | 23 -0.79715 -4.14447e-06 | 24 -0.80892  7.75574e-06
 25 -0.80964 -3.30981e-06 | 26 -0.78523  1.47974e-05 | 27 -0.79468  1.20620e-05
 28 -0.78870 -8.31985e-06 | 29 -0.84288  1.00945e-06 | 30 -0.84236  1.23677e-06
 31 -0.86072  8.69725e-06 | 32 -0.89418 -7.79032e-06 | 33 -0.89780 -6.71872e-07

 - final statistics:
101 variables; iteration 0; function evaluation 0
Function value 3.1762e+03; maximum gradient component mag 6.7449e-03
Exit code = 0;  converg criter 1.0000e+00
Var    Value     Gradient |Var    Value     Gradient |Var    Value     Gradient
  1 -0.01944  6.74495e-03 |  2 -0.00020  1.36013e-05 |  3  0.09584  2.98212e-05
  4 -0.05367 -1.60973e-05 |  5 -0.10025  1.14791e-05 |  6  0.02672  2.20915e-05
  7  0.01801  3.66465e-05 |  8 -0.02659  3.81201e-05 |  9  0.02205  3.62263e-05
 10 -0.01132  3.99216e-05 | 11  0.18909  1.50259e-04 | 12 -0.15406  7.28759e-06
 13 -0.06709  4.29921e-05 | 14 -0.18926  1.37211e-05 | 15 -0.20865  1.09345e-05
 16  0.21306  3.00010e-04 | 17 -0.02373  5.57452e-05 | 18 -0.13630  2.26487e-05
 19 -0.07552  5.51987e-05 | 20 -0.03881  7.64864e-05 | 21 -0.12327  3.86517e-05
 22  0.01177  1.20037e-04 | 23 -0.14841  3.65287e-05 | 24 -0.05886  8.55135e-05
 25 -0.01317  1.03132e-04 | 26  0.00161  1.23465e-04 | 27 -0.13871  4.60907e-05
 28 -0.00668  1.14885e-04 | 29  0.03312  1.69094e-04 | 30 -0.10471  7.69117e-05
 31 -0.21478  2.96924e-05 | 32  0.01730  9.86675e-05 | 33  0.03155  1.32619e-04
 34  0.03975  1.23987e-04 | 35  0.02567  1.26057e-04 | 36 -0.06692  6.31577e-05
 37 -0.03810  9.69053e-05 | 38  0.04291  1.14354e-04 | 39 -0.08702  3.40317e-05
 40  0.19503  2.75622e-04 | 41  0.00013  9.52554e-05 | 42  0.06163  1.00692e-04
 43 -0.08937  4.56797e-05 | 44  0.15365  3.36138e-04 | 45 -0.06158  5.06164e-05
 46 -0.05419  8.46952e-05 | 47 -0.03803  3.44277e-05 | 48 -0.11427  4.34161e-05
 49  0.09272  2.11697e-04 | 50 -0.00912  9.10829e-05 | 51 -0.02117  4.89285e-05
 52 -0.00347  6.57276e-05 | 53 -0.05635  6.13407e-05 | 54  0.06172  1.56356e-04
 55 -0.01672  4.53026e-05 | 56 -0.07176  4.47709e-05 | 57 -0.07708  1.32839e-05
 58  0.06492  7.69856e-05 | 59 -0.05529  5.62010e-06 | 60  0.00474  4.00004e-05
 61 -0.01754  1.19060e-05 | 62  0.04801  2.28148e-05 | 63  0.08148 -9.46284e-06
 64 -0.08179 -5.17814e-05 | 65 -0.03230  1.00635e-05 | 66  0.02391 -9.93036e-05
 67 -0.00957 -6.03246e-05 | 68 -0.06041  5.28325e-05 | 69  0.01287 -1.08780e-05
 70 -0.01009 -5.96215e-05 | 71  0.13309 -2.68793e-05 | 72 -0.08426  5.27813e-05
 73 -0.04897 -3.35465e-05 | 74 -0.06191  6.30858e-05 | 75 -0.00546 -3.59553e-05
 76 -0.08073  2.13028e-06 | 77  0.00198  1.41152e-05 | 78 -0.54602 -2.44266e-05
 79 -0.66751 -1.01524e-05 | 80 -0.80620 -9.78822e-06 | 81 -0.70828 -1.34645e-05
 82 -0.75446 -3.38985e-06 | 83 -0.77266 -7.02098e-06 | 84 -0.82320  4.07578e-06
 85 -0.84949  1.42328e-06 | 86 -0.82793  1.77527e-06 | 87 -0.74298 -1.75950e-06
 88 -0.81956 -3.59532e-06 | 89 -0.81253 -6.56385e-06 | 90 -0.79205 -7.63845e-07
 91 -0.79715 -4.14446e-06 | 92 -0.80892  7.75574e-06 | 93 -0.80964 -3.30981e-06
 94 -0.78523  1.47974e-05 | 95 -0.79468  1.20620e-05 | 96 -0.78870 -8.31986e-06
 97 -0.84288  1.00945e-06 | 98 -0.84236  1.23678e-06 | 99 -0.86072  8.69725e-06
100 -0.89418 -7.79031e-06 |101 -0.89780 -6.71864e-07 |

 - final statistics:
119 variables; iteration 0; function evaluation 0
Function value 3.1762e+03; maximum gradient component mag 6.7450e-03
Exit code = 0;  converg criter 1.0000e+00
Var    Value     Gradient |Var    Value     Gradient |Var    Value     Gradient
  1 -0.01944  6.74495e-03 |  2 -0.00020  1.36014e-05 |  3  0.09584  2.98212e-05
  4 -0.05367 -1.60973e-05 |  5 -0.10025  1.14791e-05 |  6  0.02672  2.20915e-05
  7  0.01801  3.66465e-05 |  8 -0.02659  3.81202e-05 |  9  0.02205  3.62264e-05
 10 -0.01132  3.99216e-05 | 11  0.18909  1.50259e-04 | 12 -0.15406  7.28760e-06
 13 -0.06709  4.29922e-05 | 14 -0.18926  1.37211e-05 | 15 -0.20865  1.09345e-05
 16  0.21306  3.00011e-04 | 17 -0.02373  5.57453e-05 | 18 -0.13630  2.26487e-05
 19 -0.07552  5.51987e-05 | 20 -0.03881  7.64865e-05 | 21 -0.12327  3.86518e-05
 22  0.01177  1.20037e-04 | 23 -0.14841  3.65287e-05 | 24 -0.05886  8.55136e-05
 25 -0.01317  1.03133e-04 | 26  0.00161  1.23465e-04 | 27 -0.13871  4.60908e-05
 28 -0.00668  1.14885e-04 | 29  0.03312  1.69094e-04 | 30 -0.10471  7.69118e-05
 31 -0.21478  2.96924e-05 | 32  0.01730  9.86676e-05 | 33  0.03155  1.32620e-04
 34  0.03975  1.23987e-04 | 35  0.02567  1.26057e-04 | 36 -0.06692  6.31577e-05
 37 -0.03810  9.69054e-05 | 38  0.04291  1.14354e-04 | 39 -0.08702  3.40317e-05
 40  0.19503  2.75622e-04 | 41  0.00013  9.52555e-05 | 42  0.06163  1.00692e-04
 43 -0.08937  4.56797e-05 | 44  0.15365  3.36138e-04 | 45 -0.06158  5.06165e-05
 46 -0.05419  8.46953e-05 | 47 -0.03803  3.44278e-05 | 48 -0.11427  4.34161e-05
 49  0.09272  2.11697e-04 | 50 -0.00912  9.10830e-05 | 51 -0.02117  4.89286e-05
 52 -0.00347  6.57276e-05 | 53 -0.05635  6.13408e-05 | 54  0.06172  1.56356e-04
 55 -0.01672  4.53026e-05 | 56 -0.07176  4.47710e-05 | 57 -0.07708  1.32840e-05
 58  0.06492  7.69856e-05 | 59 -0.05529  5.62013e-06 | 60  0.00474  4.00005e-05
 61 -0.01754  1.19060e-05 | 62  0.04801  2.28147e-05 | 63  0.08148 -9.46271e-06
 64 -0.08179 -5.17814e-05 | 65 -0.03230  1.00635e-05 | 66  0.02391 -9.93035e-05
 67 -0.00957 -6.03246e-05 | 68 -0.06041  5.28326e-05 | 69  0.01287 -1.08781e-05
 70 -0.01009 -5.96217e-05 | 71  0.13309 -2.68792e-05 | 72 -0.08426  5.27813e-05
 73 -0.04897 -3.35465e-05 | 74 -0.06191  6.30858e-05 | 75 -0.00546 -3.59553e-05
 76 -0.08073  2.13030e-06 | 77  0.00198  1.41152e-05 | 78 -0.54602 -2.44266e-05
 79 -0.66751 -1.01524e-05 | 80 -0.80620 -9.78822e-06 | 81 -0.70828 -1.34646e-05
 82 -0.75446 -3.38986e-06 | 83 -0.77266 -7.02099e-06 | 84 -0.82320  4.07577e-06
 85 -0.84949  1.42328e-06 | 86 -0.82793  1.77526e-06 | 87 -0.74298 -1.75951e-06
 88 -0.81956 -3.59532e-06 | 89 -0.81253 -6.56386e-06 | 90 -0.79205 -7.63847e-07
 91 -0.79715 -4.14447e-06 | 92 -0.80892  7.75574e-06 | 93 -0.80964 -3.30982e-06
 94 -0.78523  1.47974e-05 | 95 -0.79468  1.20620e-05 | 96 -0.78870 -8.31985e-06
 97 -0.84288  1.00945e-06 | 98 -0.84236  1.23678e-06 | 99 -0.86072  8.69726e-06
100 -0.89418 -7.79030e-06 |101 -0.89780 -6.71856e-07 |102  0.76286 -1.47791e-05
103  0.27379  1.33657e-04 |104  0.20379  1.14232e-04 |105  0.08884  6.92376e-04
106 -0.16941  2.58903e-04 |107 -0.20612  1.92534e-04 |108 -0.17603  1.82970e-04
109  0.00083 -2.22321e-04 |110  0.16797 -3.72003e-04 |111 -0.02557  4.47985e-04
112  0.17338 -8.08623e-05 |113 -0.07951  5.66183e-09 |114  0.42044 -2.75867e-07
115 -0.05476  2.48217e-05 |116 -0.34312  6.67676e-05 |117 -0.20703  4.94970e-05
118 -0.23277  2.94817e-05 |119 -0.28643  3.23025e-05 |

Initial statistics: 325 variables; iteration 0; function evaluation 0; phase 5
Function value 3.1761581e+03; maximum gradient component mag 6.7449e-03
Var    Value     Gradient |Var    Value     Gradient |Var    Value     Gradient
  1 -0.01944  6.74495e-03 |  2 -0.00020  1.36014e-05 |  3  0.09584  2.98212e-05
  4 -0.05367 -1.60973e-05 |  5 -0.10025  1.14791e-05 |  6  0.02672  2.20916e-05
  7  0.01801  3.66465e-05 |  8 -0.02659  3.81202e-05 |  9  0.02205  3.62263e-05
 10 -0.01132  3.99217e-05 | 11  0.18909  1.50260e-04 | 12 -0.15406  7.28758e-06
 13 -0.06709  4.29921e-05 | 14 -0.18926  1.37211e-05 | 15 -0.20865  1.09345e-05
 16  0.21306  3.00011e-04 | 17 -0.02373  5.57453e-05 | 18 -0.13630  2.26487e-05
 19 -0.07552  5.51988e-05 | 20 -0.03881  7.64864e-05 | 21 -0.12327  3.86518e-05
 22  0.01177  1.20037e-04 | 23 -0.14841  3.65287e-05 | 24 -0.05886  8.55136e-05
 25 -0.01317  1.03132e-04 | 26  0.00161  1.23465e-04 | 27 -0.13871  4.60908e-05
 28 -0.00668  1.14885e-04 | 29  0.03312  1.69094e-04 | 30 -0.10471  7.69118e-05
 31 -0.21478  2.96924e-05 | 32  0.01730  9.86675e-05 | 33  0.03155  1.32620e-04
 34  0.03975  1.23987e-04 | 35  0.02567  1.26057e-04 | 36 -0.06692  6.31578e-05
 37 -0.03810  9.69054e-05 | 38  0.04291  1.14354e-04 | 39 -0.08702  3.40317e-05
 40  0.19503  2.75622e-04 | 41  0.00013  9.52554e-05 | 42  0.06163  1.00692e-04
 43 -0.08937  4.56798e-05 | 44  0.15365  3.36138e-04 | 45 -0.06158  5.06165e-05
 46 -0.05419  8.46953e-05 | 47 -0.03803  3.44278e-05 | 48 -0.11427  4.34161e-05
 49  0.09272  2.11697e-04 | 50 -0.00912  9.10830e-05 | 51 -0.02117  4.89285e-05
 52 -0.00347  6.57276e-05 | 53 -0.05635  6.13408e-05 | 54  0.06172  1.56356e-04
 55 -0.01672  4.53025e-05 | 56 -0.07176  4.47709e-05 | 57 -0.07708  1.32839e-05
 58  0.06492  7.69856e-05 | 59 -0.05529  5.62008e-06 | 60  0.00474  4.00004e-05
 61 -0.01754  1.19061e-05 | 62  0.04801  2.28147e-05 | 63  0.08148 -9.46286e-06
 64 -0.08179 -5.17814e-05 | 65 -0.03230  1.00634e-05 | 66  0.02391 -9.93035e-05
 67 -0.00957 -6.03246e-05 | 68 -0.06041  5.28325e-05 | 69  0.01287 -1.08780e-05
 70 -0.01009 -5.96216e-05 | 71  0.13309 -2.68793e-05 | 72 -0.08426  5.27813e-05
 73 -0.04897 -3.35465e-05 | 74 -0.06191  6.30857e-05 | 75 -0.00546 -3.59553e-05
 76 -0.08073  2.13028e-06 | 77  0.00198  1.41152e-05 | 78 -0.54602 -2.44266e-05
 79 -0.66751 -1.01524e-05 | 80 -0.80620 -9.78821e-06 | 81 -0.70828 -1.34645e-05
 82 -0.75446 -3.38985e-06 | 83 -0.77266 -7.02098e-06 | 84 -0.82320  4.07578e-06
 85 -0.84949  1.42328e-06 | 86 -0.82793  1.77527e-06 | 87 -0.74298 -1.75950e-06
 88 -0.81956 -3.59531e-06 | 89 -0.81253 -6.56385e-06 | 90 -0.79205 -7.63845e-07
 91 -0.79715 -4.14446e-06 | 92 -0.80892  7.75574e-06 | 93 -0.80964 -3.30981e-06
 94 -0.78523  1.47974e-05 | 95 -0.79468  1.20620e-05 | 96 -0.78870 -8.31985e-06
 97 -0.84288  1.00946e-06 | 98 -0.84236  1.23678e-06 | 99 -0.86072  8.69726e-06
100 -0.89418 -7.79030e-06 |101 -0.89780 -6.71847e-07 |102  0.76286 -1.47790e-05
103  0.27379  1.33657e-04 |104  0.20379  1.14233e-04 |105  0.08884  6.92376e-04
106 -0.16941  2.58903e-04 |107 -0.20612  1.92534e-04 |108 -0.17603  1.82970e-04
109  0.00083 -2.22321e-04 |110  0.16797 -3.72003e-04 |111 -0.02557  4.47985e-04
112  0.17338 -8.08623e-05 |113 -0.07951  5.66107e-09 |114  0.42044 -2.75867e-07
115 -0.05476  2.48216e-05 |116 -0.34312  6.67679e-05 |117 -0.20703  4.94970e-05
118 -0.23277  2.94817e-05 |119 -0.28643  3.23025e-05 |120  0.05611  2.16527e-05
121 -0.17081  9.20207e-06 |122  0.00037 -1.70030e-04 |123 -0.00026 -1.73078e-04
124 -0.00062 -1.73060e-04 |125 -0.00595 -1.84430e-04 |126 -0.00623 -2.03374e-04
127 -0.00657 -2.04107e-04 |128 -0.00693 -1.94657e-04 |129 -0.00765 -1.98102e-04
130  0.00846 -2.09702e-04 |131 -0.00294 -2.13618e-04 |132 -0.00660 -2.22607e-04
133 -0.02030 -2.45962e-04 |134  0.00175 -3.03432e-04 |135 -0.00989 -3.38899e-04
136  0.00695 -3.63069e-04 |137  0.00659 -3.48682e-04 |138 -0.00405 -2.85683e-04
139  0.01635 -1.84060e-04 |140 -0.01585 -1.81863e-04 |141 -0.01417 -1.90234e-04
142  0.00878 -1.68253e-04 |143  0.02019 -2.12562e-04 |144 -0.00390 -1.96090e-04
145 -0.02012 -2.09882e-04 |146  0.01942 -3.87536e-04 |147 -0.02351 -4.60607e-04
148  0.02562 -4.63746e-04 |149  0.00146 -4.59449e-04 |150  0.00289 -4.16426e-04
151 -0.00905 -3.87566e-04 |152  0.01240 -3.52403e-04 |153  0.02252 -3.49801e-04
154 -0.02558 -3.67910e-04 |155 -0.02047 -3.69622e-04 |156  0.00575 -3.51232e-04
157  0.00387 -3.63774e-04 |158  0.00320 -2.91346e-04 |159 -0.02173 -2.78623e-04
160 -0.01127 -2.97427e-04 |161  0.02759 -4.55532e-04 |162 -0.00950 -5.12746e-04
163  0.01798 -4.60286e-04 |164 -0.00757 -5.17069e-04 |165 -0.01862 -5.19236e-04
166  0.00821 -4.78649e-04 |167  0.00383 -4.40954e-04 |168 -0.00337 -3.75786e-04
169  0.00520 -4.02433e-04 |170 -0.01851 -3.68606e-04 |171 -0.00147 -3.54088e-04
172  0.02263 -2.72655e-04 |173 -0.02914 -2.69324e-04 |174  0.01021 -2.45714e-04
175  0.02308 -2.46899e-04 |176  0.02183 -2.33764e-04 |177 -0.00251 -2.33808e-04
178 -0.00625 -2.69261e-04 |179 -0.01979 -2.46422e-04 |180  0.00266 -2.14149e-04
181 -0.00208 -2.21590e-04 |182  0.00252 -2.18040e-04 |183 -0.00431 -1.99021e-04
184  0.00508 -2.03067e-04 |185 -0.00703 -1.97524e-04 |186 -0.01059 -2.05192e-04
187  0.00196 -1.34209e-04 |188 -0.01199 -1.21026e-04 |189  0.01416 -4.08792e-05
190  0.00003  6.37658e-04 |191  0.00191  5.99073e-04 |192 -0.01090  6.01283e-04
193  0.00952  5.95555e-04 |194  0.00605  5.92708e-04 |195 -0.02420  5.67797e-04
196  0.01798  5.74838e-04 |197  0.00049  5.52126e-04 |198 -0.02784  5.46865e-04
199  0.01727  5.28696e-04 |200 -0.00259  5.34341e-04 |201 -0.00053  5.15137e-04
202 -0.00158  4.62803e-04 |203  0.00815  4.36506e-04 |204 -0.00967  3.81801e-04
205  0.00389  3.67871e-04 |206  0.00319  4.64576e-04 |207  0.00136  5.60256e-04
208 -0.00673  4.87054e-04 |209  0.00986  4.91959e-04 |210 -0.00920  5.38590e-04
211  0.00321  5.09566e-04 |212 -0.00033  5.12317e-04 |213  0.01000  5.00095e-04
214 -0.02337  3.27654e-04 |215  0.01586  2.47791e-04 |216 -0.00770  2.40525e-04
217  0.00388  2.06318e-04 |218 -0.00082  2.06806e-04 |219  0.00695  2.37608e-04
220 -0.00778  2.49242e-04 |221 -0.00053  2.25727e-04 |222  0.01284  2.09867e-04
223 -0.00534  2.05745e-04 |224 -0.00247  2.05955e-04 |225  0.00093  1.89862e-04
226 -0.00063  2.70656e-04 |227  0.00236  2.42733e-04 |228 -0.01721  1.90751e-04
229  0.00882  1.59650e-05 |230  0.00800 -1.36424e-04 |231 -0.00728 -5.03322e-05
232  0.00739 -8.49180e-05 |233 -0.00425 -1.39115e-04 |234 -0.00506 -9.56263e-05
235  0.00650 -4.10249e-05 |236 -0.00492 -1.23175e-05 |237  0.00351 -1.79472e-05
238  0.00155  3.34605e-05 |239 -0.00480  4.27828e-05 |240 -0.00700  8.67403e-05
241  0.01275  1.13561e-04 |242 -0.00949  1.42187e-04 |243  0.00307  1.33261e-04
244  0.01227  1.49829e-04 |245  0.00534  2.02975e-05 |246 -0.00943  2.22689e-05
247 -0.01379  2.54080e-05 |248  0.01141  5.14759e-05 |249  0.00414  8.04812e-05
250 -0.00642  1.09042e-07 |251 -0.00207 -2.37653e-05 |252  0.00399 -1.02425e-04
253 -0.00460 -1.40421e-04 |254  0.00436 -1.62536e-04 |255 -0.01847 -5.46385e-05
256  0.00830 -4.32933e-05 |257  0.00328  6.03229e-06 |258  0.00002  4.95523e-04
259  0.00281  4.51092e-04 |260 -0.00286  4.66149e-04 |261 -0.00190  4.87108e-04
262  0.00396  4.81248e-04 |263  0.01767  4.41900e-04 |264 -0.01659  4.27202e-04
265  0.00555  4.17153e-04 |266 -0.00013  4.48470e-04 |267 -0.02442  4.33164e-04
268  0.01210  4.21791e-04 |269 -0.01073  4.01672e-04 |270  0.00035  3.21562e-04
271 -0.00125  2.99455e-04 |272  0.00295  1.99606e-04 |273 -0.00202  1.93160e-04
274  0.00153  1.88453e-04 |275  0.00075  2.33166e-04 |276  0.00389  2.09597e-04
277 -0.00006  1.33792e-04 |278 -0.00230  1.88512e-04 |279  0.00063  1.59647e-04
280  0.00162  1.49465e-04 |281  0.00228  1.30243e-04 |282  0.00543  6.14628e-05
283 -0.01357  2.11329e-05 |284  0.00738 -1.60589e-05 |285 -0.00223 -1.68108e-05
286  0.00017 -1.78464e-05 |287  0.00385 -1.44031e-05 |288 -0.00258 -1.71087e-05
289 -0.00087 -2.51323e-05 |290 -0.00285 -6.78314e-05 |291  0.00741 -6.51423e-05
292  0.00638 -6.32453e-05 |293 -0.00780 -3.07577e-05 |294  0.00011  3.14261e-05
295  0.00225 -4.49779e-06 |296  0.00743 -1.35264e-05 |297 -0.00957 -1.21990e-04
298 -0.00395 -2.74880e-04 |299 -0.00111 -1.70831e-04 |300 -0.00142 -1.92523e-04
301  0.00630 -1.83149e-04 |302  0.00144 -1.61247e-04 |303 -0.00640 -1.33863e-04
304  0.00399 -9.58878e-05 |305 -0.00345 -8.40389e-05 |306  0.00476 -9.26835e-05
307 -0.00136 -3.58126e-05 |308  0.00042  1.40151e-05 |309 -0.00406  5.89467e-05
310  0.00806  6.70942e-05 |311 -0.00201  9.68621e-05 |312 -0.00484  8.26663e-05
313  0.00648  2.42854e-05 |314  0.00489 -1.92543e-05 |315  0.00262  2.85686e-05
316 -0.01017  5.79021e-05 |317  0.00312  5.07495e-05 |318  0.00057  3.25777e-05
319  0.00053 -5.90184e-06 |320 -0.00005 -3.46114e-05 |321  0.00096 -8.24970e-05
322 -0.00472 -1.07614e-04 |323  0.01273 -5.32484e-05 |324 -0.01867  4.15531e-06
325 -0.00633  5.38134e-05 |
  ic > imax  in fminim is answer attained ?
Var    Value     Gradient |Var    Value     Gradient |Var    Value     Gradient
  1 -0.01944  6.36504e-03 |  2 -0.00020  1.31593e-05 |  3  0.09584  2.86102e-05
  4 -0.05367 -1.66257e-05 |  5 -0.10025  1.10047e-05 |  6  0.02672  2.02914e-05
  7  0.01801  3.45198e-05 |  8 -0.02659  3.63544e-05 |  9  0.02205  3.38042e-05
 10 -0.01132  3.79244e-05 | 11  0.18909  1.39961e-04 | 12 -0.15406  6.43886e-06
 13 -0.06709  4.09546e-05 | 14 -0.18926  1.29348e-05 | 15 -0.20865  1.02234e-05
 16  0.21306  2.80105e-04 | 17 -0.02373  5.20863e-05 | 18 -0.13630  2.10100e-05
 19 -0.07552  5.16268e-05 | 20 -0.03881  7.11205e-05 | 21 -0.12327  3.56679e-05
 22  0.01177  1.11131e-04 | 23 -0.14841  3.40853e-05 | 24 -0.05886  8.08892e-05
 25 -0.01317  9.59094e-05 | 26  0.00161  1.16043e-04 | 27 -0.13871  4.38127e-05
 28 -0.00668  1.08179e-04 | 29  0.03312  1.58570e-04 | 30 -0.10471  7.36040e-05
 31 -0.21478  2.83988e-05 | 32  0.01730  9.15854e-05 | 33  0.03155  1.25912e-04
 34  0.03975  1.17365e-04 | 35  0.02567  1.19553e-04 | 36 -0.06692  6.00847e-05
 37 -0.03810  9.29314e-05 | 38  0.04291  1.09522e-04 | 39 -0.08702  3.24882e-05
 40  0.19503  2.65118e-04 | 41  0.00013  9.23514e-05 | 42  0.06163  9.66428e-05
 43 -0.08937  4.41278e-05 | 44  0.15365  3.25194e-04 | 45 -0.06158  4.83625e-05
 46 -0.05419  8.20875e-05 | 47 -0.03803  3.15738e-05 | 48 -0.11427  4.19328e-05
 49  0.09272  2.04255e-04 | 50 -0.00912  8.75813e-05 | 51 -0.02117  4.58538e-05
 52 -0.00347  6.24925e-05 | 53 -0.05635  5.93893e-05 | 54  0.06172  1.50712e-04
 55 -0.01672  4.20087e-05 | 56 -0.07176  4.29343e-05 | 57 -0.07708  1.16281e-05
 58  0.06492  7.19963e-05 | 59 -0.05529  3.70598e-06 | 60  0.00474  3.71985e-05
 61 -0.01754  1.03641e-05 | 62  0.04801  2.04997e-05 | 63  0.08148 -1.24184e-05
 64 -0.08179 -5.25705e-05 | 65 -0.03230  9.16857e-06 | 66  0.02391 -1.00441e-04
 67 -0.00957 -6.11747e-05 | 68 -0.06041  5.23560e-05 | 69  0.01287 -1.10223e-05
 70 -0.01009 -5.96199e-05 | 71  0.13309 -2.73156e-05 | 72 -0.08426  5.27355e-05
 73 -0.04897 -3.33906e-05 | 74 -0.06191  6.36221e-05 | 75 -0.00546 -3.53482e-05
 76 -0.08073  2.31613e-06 | 77  0.00198  1.42963e-05 | 78 -0.54602 -2.32546e-05
 79 -0.66751 -9.45232e-06 | 80 -0.80620 -9.28738e-06 | 81 -0.70828 -1.26471e-05
 82 -0.75446 -2.94371e-06 | 83 -0.77266 -6.62923e-06 | 84 -0.82320  4.44360e-06
 85 -0.84949  1.60508e-06 | 86 -0.82793  1.95956e-06 | 87 -0.74298 -1.41974e-06
 88 -0.81956 -3.33809e-06 | 89 -0.81253 -6.20750e-06 | 90 -0.79205 -4.78736e-07
 91 -0.79715 -3.92723e-06 | 92 -0.80892  7.90814e-06 | 93 -0.80964 -3.23862e-06
 94 -0.78523  1.48217e-05 | 95 -0.79468  1.20059e-05 | 96 -0.78870 -8.40330e-06
 97 -0.84288  8.40087e-07 | 98 -0.84236  1.02856e-06 | 99 -0.86072  8.48583e-06
100 -0.89418 -8.01315e-06 |101 -0.89780 -8.71974e-07 |102  0.76286 -1.46473e-05
103  0.27379  1.15306e-04 |104  0.20379  8.65041e-05 |105  0.08884  6.90979e-04
106 -0.16941  2.54800e-04 |107 -0.20612  1.87529e-04 |108 -0.17603  1.78819e-04
109  0.00083 -2.26195e-04 |110  0.16797 -3.74448e-04 |111 -0.02557  4.45597e-04
112  0.17338 -8.18955e-05 |113 -0.07951 -2.54861e-08 |114  0.42044 -2.75870e-07
115 -0.05476  2.34949e-05 |116 -0.34312  6.88615e-05 |117 -0.20703  4.97646e-05
118 -0.23277  2.94905e-05 |119 -0.28643  3.22674e-05 |120  0.05611  2.13743e-05
121 -0.17081  9.05162e-06 |122  0.00037 -1.68522e-04 |123 -0.00026 -1.71570e-04
124 -0.00062 -1.71553e-04 |125 -0.00595 -1.82923e-04 |126 -0.00623 -2.01866e-04
127 -0.00657 -2.02599e-04 |128 -0.00693 -1.93150e-04 |129 -0.00765 -1.96595e-04
130  0.00846 -2.08192e-04 |131 -0.00294 -2.12109e-04 |132 -0.00660 -2.21099e-04
133 -0.02030 -2.44457e-04 |134  0.00175 -3.01956e-04 |135 -0.00989 -3.37433e-04
136  0.00695 -3.61611e-04 |137  0.00659 -3.47242e-04 |138 -0.00405 -2.84268e-04
139  0.01635 -1.82623e-04 |140 -0.01585 -1.80437e-04 |141 -0.01417 -1.88816e-04
142  0.00878 -1.66811e-04 |143  0.02019 -2.11120e-04 |144 -0.00390 -1.94653e-04
145 -0.02012 -2.08447e-04 |146  0.01942 -3.86049e-04 |147 -0.02351 -4.59137e-04
148  0.02562 -4.62396e-04 |149  0.00146 -4.58112e-04 |150  0.00289 -4.15104e-04
151 -0.00905 -3.86240e-04 |152  0.01240 -3.51076e-04 |153  0.02252 -3.48476e-04
154 -0.02558 -3.66585e-04 |155 -0.02047 -3.68295e-04 |156  0.00575 -3.49907e-04
157  0.00387 -3.62443e-04 |158  0.00320 -2.90001e-04 |159 -0.02173 -2.77275e-04
160 -0.01127 -2.96097e-04 |161  0.02759 -4.54303e-04 |162 -0.00950 -5.11520e-04
163  0.01798 -4.58989e-04 |164 -0.00757 -5.15784e-04 |165 -0.01862 -5.17969e-04
166  0.00821 -4.77453e-04 |167  0.00383 -4.39778e-04 |168 -0.00337 -3.74609e-04
169  0.00520 -4.01301e-04 |170 -0.01851 -3.67502e-04 |171 -0.00147 -3.53108e-04
172  0.02263 -2.72020e-04 |173 -0.02914 -2.68749e-04 |174  0.01021 -2.45412e-04
175  0.02308 -2.46785e-04 |176  0.02183 -2.33682e-04 |177 -0.00251 -2.33730e-04
178 -0.00625 -2.69183e-04 |179 -0.01979 -2.46346e-04 |180  0.00266 -2.14084e-04
181 -0.00208 -2.21539e-04 |182  0.00252 -2.17997e-04 |183 -0.00431 -1.98980e-04
184  0.00508 -2.03031e-04 |185 -0.00703 -1.97485e-04 |186 -0.01059 -2.05161e-04
187  0.00196 -1.34174e-04 |188 -0.01199 -1.20959e-04 |189  0.01416 -4.08468e-05
190  0.00003  5.53532e-04 |191  0.00191  5.15539e-04 |192 -0.01090  5.17814e-04
193  0.00952  5.12180e-04 |194  0.00605  5.09640e-04 |195 -0.02420  4.84789e-04
196  0.01798  4.91828e-04 |197  0.00049  4.69112e-04 |198 -0.02784  4.63959e-04
199  0.01727  4.47279e-04 |200 -0.00259  4.52698e-04 |201 -0.00053  4.33502e-04
202 -0.00158  3.81753e-04 |203  0.00815  3.56643e-04 |204 -0.00967  3.02252e-04
205  0.00389  2.90560e-04 |206  0.00319  3.87742e-04 |207  0.00136  4.84750e-04
208 -0.00673  4.13200e-04 |209  0.00986  4.19848e-04 |210 -0.00920  4.66893e-04
211  0.00321  4.40071e-04 |212 -0.00033  4.44444e-04 |213  0.01000  4.32761e-04
214 -0.02337  2.60662e-04 |215  0.01586  1.84045e-04 |216 -0.00770  1.77718e-04
217  0.00388  1.45104e-04 |218 -0.00082  1.47793e-04 |219  0.00695  1.79495e-04
220 -0.00778  1.92749e-04 |221 -0.00053  1.71823e-04 |222  0.01284  1.57047e-04
223 -0.00534  1.55954e-04 |224 -0.00247  1.56624e-04 |225  0.00093  1.41556e-04
226 -0.00063  2.22866e-04 |227  0.00236  1.97537e-04 |228 -0.01721  1.45651e-04
229  0.00882 -2.85276e-05 |230  0.00800 -1.78873e-04 |231 -0.00728 -9.16688e-05
232  0.00739 -1.23433e-04 |233 -0.00425 -1.76677e-04 |234 -0.00506 -1.32031e-04
235  0.00650 -7.49759e-05 |236 -0.00492 -4.48104e-05 |237  0.00351 -4.76222e-05
238  0.00155  4.72847e-06 |239 -0.00480  1.45293e-05 |240 -0.00700  5.98242e-05
241  0.01275  8.89350e-05 |242 -0.00949  1.17981e-04 |243  0.00307  1.10098e-04
244  0.01227  1.28336e-04 |245  0.00534  6.45426e-07 |246 -0.00943  3.50193e-06
247 -0.01379  6.88285e-06 |248  0.01141  3.43257e-05 |249  0.00414  6.48750e-05
250 -0.00642 -1.47171e-05 |251 -0.00207 -3.77589e-05 |252  0.00399 -1.14094e-04
253 -0.00460 -1.50544e-04 |254  0.00436 -1.69606e-04 |255 -0.01847 -6.12865e-05
256  0.00830 -4.83806e-05 |257  0.00328  3.31669e-06 |258  0.00002  3.73803e-04
259  0.00281  3.33188e-04 |260 -0.00286  3.48429e-04 |261 -0.00190  3.69720e-04
262  0.00396  3.64323e-04 |263  0.01767  3.25813e-04 |264 -0.01659  3.11152e-04
265  0.00555  3.01527e-04 |266 -0.00013  3.32930e-04 |267 -0.02442  3.19239e-04
268  0.01210  3.09478e-04 |269 -0.01073  2.89785e-04 |270  0.00035  2.10974e-04
271 -0.00125  1.91724e-04 |272  0.00295  9.46259e-05 |273 -0.00202  9.10109e-05
274  0.00153  8.89592e-05 |275  0.00075  1.35850e-04 |276  0.00389  1.15365e-04
277 -0.00006  4.29602e-05 |278 -0.00230  1.00287e-04 |279  0.00063  7.37940e-05
280  0.00162  6.58350e-05 |281  0.00228  4.94803e-05 |282  0.00543 -1.78167e-05
283 -0.01357 -5.48433e-05 |284  0.00738 -9.02731e-05 |285 -0.00223 -8.87967e-05
286  0.00017 -8.73981e-05 |287  0.00385 -8.12423e-05 |288 -0.00258 -8.13824e-05
289 -0.00087 -8.66289e-05 |290 -0.00285 -1.27024e-04 |291  0.00741 -1.21790e-04
292  0.00638 -1.19079e-04 |293 -0.00780 -8.52690e-05 |294  0.00011 -2.14625e-05
295  0.00225 -5.50736e-05 |296  0.00743 -6.33633e-05 |297 -0.00957 -1.71051e-04
298 -0.00395 -3.21807e-04 |299 -0.00111 -2.15646e-04 |300 -0.00142 -2.34699e-04
301  0.00630 -2.24284e-04 |302  0.00144 -2.00475e-04 |303 -0.00640 -1.70604e-04
304  0.00399 -1.30793e-04 |305 -0.00345 -1.16542e-04 |306  0.00476 -1.23796e-04
307 -0.00136 -6.60925e-05 |308  0.00042 -1.48442e-05 |309 -0.00406  3.17816e-05
310  0.00806  4.07020e-05 |311 -0.00201  7.13899e-05 |312 -0.00484  5.85122e-05
313  0.00648  1.79392e-06 |314  0.00489 -4.03694e-05 |315  0.00262  8.49164e-06
316 -0.01017  3.90900e-05 |317  0.00312  3.36272e-05 |318  0.00057  1.65219e-05
319  0.00053 -2.06698e-05 |320 -0.00005 -4.72054e-05 |321  0.00096 -9.30079e-05
322 -0.00472 -1.15396e-04 |323  0.01273 -5.97803e-05 |324 -0.01867 -8.04543e-07
325 -0.00633  5.13169e-05 |
Function minimizer not making progress ... is minimum attained?
Minimprove criterion = 0.0000e+00
Warning: the following parameters had issues
  F_rate[90] is within 1% of lower bound: 0.0000e+00 < 1.5850e-02 < 2.3000e+00
  F_rate[91] is within 1% of lower bound: 0.0000e+00 < 1.4787e-02 < 2.3000e+00


 - final statistics:
325 variables; iteration 2; function evaluation 36
Function value 3.1762e+03; maximum gradient component mag 6.3650e-03
Exit code = 1;  converg criter 1.0000e-04
Var    Value     Gradient |Var    Value     Gradient |Var    Value     Gradient
  1 -0.01944  6.36504e-03 |  2 -0.00020  1.31593e-05 |  3  0.09584  2.86102e-05
  4 -0.05367 -1.66257e-05 |  5 -0.10025  1.10047e-05 |  6  0.02672  2.02914e-05
  7  0.01801  3.45198e-05 |  8 -0.02659  3.63544e-05 |  9  0.02205  3.38042e-05
 10 -0.01132  3.79244e-05 | 11  0.18909  1.39961e-04 | 12 -0.15406  6.43886e-06
 13 -0.06709  4.09546e-05 | 14 -0.18926  1.29348e-05 | 15 -0.20865  1.02234e-05
 16  0.21306  2.80105e-04 | 17 -0.02373  5.20863e-05 | 18 -0.13630  2.10100e-05
 19 -0.07552  5.16268e-05 | 20 -0.03881  7.11205e-05 | 21 -0.12327  3.56679e-05
 22  0.01177  1.11131e-04 | 23 -0.14841  3.40853e-05 | 24 -0.05886  8.08892e-05
 25 -0.01317  9.59094e-05 | 26  0.00161  1.16043e-04 | 27 -0.13871  4.38127e-05
 28 -0.00668  1.08179e-04 | 29  0.03312  1.58570e-04 | 30 -0.10471  7.36040e-05
 31 -0.21478  2.83988e-05 | 32  0.01730  9.15854e-05 | 33  0.03155  1.25912e-04
 34  0.03975  1.17365e-04 | 35  0.02567  1.19553e-04 | 36 -0.06692  6.00847e-05
 37 -0.03810  9.29314e-05 | 38  0.04291  1.09522e-04 | 39 -0.08702  3.24882e-05
 40  0.19503  2.65118e-04 | 41  0.00013  9.23514e-05 | 42  0.06163  9.66428e-05
 43 -0.08937  4.41278e-05 | 44  0.15365  3.25194e-04 | 45 -0.06158  4.83625e-05
 46 -0.05419  8.20875e-05 | 47 -0.03803  3.15738e-05 | 48 -0.11427  4.19328e-05
 49  0.09272  2.04255e-04 | 50 -0.00912  8.75813e-05 | 51 -0.02117  4.58538e-05
 52 -0.00347  6.24925e-05 | 53 -0.05635  5.93893e-05 | 54  0.06172  1.50712e-04
 55 -0.01672  4.20087e-05 | 56 -0.07176  4.29343e-05 | 57 -0.07708  1.16281e-05
 58  0.06492  7.19963e-05 | 59 -0.05529  3.70598e-06 | 60  0.00474  3.71985e-05
 61 -0.01754  1.03641e-05 | 62  0.04801  2.04997e-05 | 63  0.08148 -1.24184e-05
 64 -0.08179 -5.25705e-05 | 65 -0.03230  9.16857e-06 | 66  0.02391 -1.00441e-04
 67 -0.00957 -6.11747e-05 | 68 -0.06041  5.23560e-05 | 69  0.01287 -1.10223e-05
 70 -0.01009 -5.96199e-05 | 71  0.13309 -2.73156e-05 | 72 -0.08426  5.27355e-05
 73 -0.04897 -3.33906e-05 | 74 -0.06191  6.36221e-05 | 75 -0.00546 -3.53482e-05
 76 -0.08073  2.31613e-06 | 77  0.00198  1.42963e-05 | 78 -0.54602 -2.32546e-05
 79 -0.66751 -9.45232e-06 | 80 -0.80620 -9.28738e-06 | 81 -0.70828 -1.26471e-05
 82 -0.75446 -2.94371e-06 | 83 -0.77266 -6.62923e-06 | 84 -0.82320  4.44360e-06
 85 -0.84949  1.60508e-06 | 86 -0.82793  1.95956e-06 | 87 -0.74298 -1.41974e-06
 88 -0.81956 -3.33809e-06 | 89 -0.81253 -6.20750e-06 | 90 -0.79205 -4.78736e-07
 91 -0.79715 -3.92723e-06 | 92 -0.80892  7.90814e-06 | 93 -0.80964 -3.23862e-06
 94 -0.78523  1.48217e-05 | 95 -0.79468  1.20059e-05 | 96 -0.78870 -8.40330e-06
 97 -0.84288  8.40087e-07 | 98 -0.84236  1.02856e-06 | 99 -0.86072  8.48583e-06
100 -0.89418 -8.01315e-06 |101 -0.89780 -8.71974e-07 |102  0.76286 -1.46473e-05
103  0.27379  1.15306e-04 |104  0.20379  8.65041e-05 |105  0.08884  6.90979e-04
106 -0.16941  2.54800e-04 |107 -0.20612  1.87529e-04 |108 -0.17603  1.78819e-04
109  0.00083 -2.26195e-04 |110  0.16797 -3.74448e-04 |111 -0.02557  4.45597e-04
112  0.17338 -8.18955e-05 |113 -0.07951 -2.54861e-08 |114  0.42044 -2.75870e-07
115 -0.05476  2.34949e-05 |116 -0.34312  6.88615e-05 |117 -0.20703  4.97646e-05
118 -0.23277  2.94905e-05 |119 -0.28643  3.22674e-05 |120  0.05611  2.13743e-05
121 -0.17081  9.05162e-06 |122  0.00037 -1.68522e-04 |123 -0.00026 -1.71570e-04
124 -0.00062 -1.71553e-04 |125 -0.00595 -1.82923e-04 |126 -0.00623 -2.01866e-04
127 -0.00657 -2.02599e-04 |128 -0.00693 -1.93150e-04 |129 -0.00765 -1.96595e-04
130  0.00846 -2.08192e-04 |131 -0.00294 -2.12109e-04 |132 -0.00660 -2.21099e-04
133 -0.02030 -2.44457e-04 |134  0.00175 -3.01956e-04 |135 -0.00989 -3.37433e-04
136  0.00695 -3.61611e-04 |137  0.00659 -3.47242e-04 |138 -0.00405 -2.84268e-04
139  0.01635 -1.82623e-04 |140 -0.01585 -1.80437e-04 |141 -0.01417 -1.88816e-04
142  0.00878 -1.66811e-04 |143  0.02019 -2.11120e-04 |144 -0.00390 -1.94653e-04
145 -0.02012 -2.08447e-04 |146  0.01942 -3.86049e-04 |147 -0.02351 -4.59137e-04
148  0.02562 -4.62396e-04 |149  0.00146 -4.58112e-04 |150  0.00289 -4.15104e-04
151 -0.00905 -3.86240e-04 |152  0.01240 -3.51076e-04 |153  0.02252 -3.48476e-04
154 -0.02558 -3.66585e-04 |155 -0.02047 -3.68295e-04 |156  0.00575 -3.49907e-04
157  0.00387 -3.62443e-04 |158  0.00320 -2.90001e-04 |159 -0.02173 -2.77275e-04
160 -0.01127 -2.96097e-04 |161  0.02759 -4.54303e-04 |162 -0.00950 -5.11520e-04
163  0.01798 -4.58989e-04 |164 -0.00757 -5.15784e-04 |165 -0.01862 -5.17969e-04
166  0.00821 -4.77453e-04 |167  0.00383 -4.39778e-04 |168 -0.00337 -3.74609e-04
169  0.00520 -4.01301e-04 |170 -0.01851 -3.67502e-04 |171 -0.00147 -3.53108e-04
172  0.02263 -2.72020e-04 |173 -0.02914 -2.68749e-04 |174  0.01021 -2.45412e-04
175  0.02308 -2.46785e-04 |176  0.02183 -2.33682e-04 |177 -0.00251 -2.33730e-04
178 -0.00625 -2.69183e-04 |179 -0.01979 -2.46346e-04 |180  0.00266 -2.14084e-04
181 -0.00208 -2.21539e-04 |182  0.00252 -2.17997e-04 |183 -0.00431 -1.98980e-04
184  0.00508 -2.03031e-04 |185 -0.00703 -1.97485e-04 |186 -0.01059 -2.05161e-04
187  0.00196 -1.34174e-04 |188 -0.01199 -1.20959e-04 |189  0.01416 -4.08468e-05
190  0.00003  5.53532e-04 |191  0.00191  5.15539e-04 |192 -0.01090  5.17814e-04
193  0.00952  5.12180e-04 |194  0.00605  5.09640e-04 |195 -0.02420  4.84789e-04
196  0.01798  4.91828e-04 |197  0.00049  4.69112e-04 |198 -0.02784  4.63959e-04
199  0.01727  4.47279e-04 |200 -0.00259  4.52698e-04 |201 -0.00053  4.33502e-04
202 -0.00158  3.81753e-04 |203  0.00815  3.56643e-04 |204 -0.00967  3.02252e-04
205  0.00389  2.90560e-04 |206  0.00319  3.87742e-04 |207  0.00136  4.84750e-04
208 -0.00673  4.13200e-04 |209  0.00986  4.19848e-04 |210 -0.00920  4.66893e-04
211  0.00321  4.40071e-04 |212 -0.00033  4.44444e-04 |213  0.01000  4.32761e-04
214 -0.02337  2.60662e-04 |215  0.01586  1.84045e-04 |216 -0.00770  1.77718e-04
217  0.00388  1.45104e-04 |218 -0.00082  1.47793e-04 |219  0.00695  1.79495e-04
220 -0.00778  1.92749e-04 |221 -0.00053  1.71823e-04 |222  0.01284  1.57047e-04
223 -0.00534  1.55954e-04 |224 -0.00247  1.56624e-04 |225  0.00093  1.41556e-04
226 -0.00063  2.22866e-04 |227  0.00236  1.97537e-04 |228 -0.01721  1.45651e-04
229  0.00882 -2.85276e-05 |230  0.00800 -1.78873e-04 |231 -0.00728 -9.16688e-05
232  0.00739 -1.23433e-04 |233 -0.00425 -1.76677e-04 |234 -0.00506 -1.32031e-04
235  0.00650 -7.49759e-05 |236 -0.00492 -4.48104e-05 |237  0.00351 -4.76222e-05
238  0.00155  4.72847e-06 |239 -0.00480  1.45293e-05 |240 -0.00700  5.98242e-05
241  0.01275  8.89350e-05 |242 -0.00949  1.17981e-04 |243  0.00307  1.10098e-04
244  0.01227  1.28336e-04 |245  0.00534  6.45426e-07 |246 -0.00943  3.50193e-06
247 -0.01379  6.88285e-06 |248  0.01141  3.43257e-05 |249  0.00414  6.48750e-05
250 -0.00642 -1.47171e-05 |251 -0.00207 -3.77589e-05 |252  0.00399 -1.14094e-04
253 -0.00460 -1.50544e-04 |254  0.00436 -1.69606e-04 |255 -0.01847 -6.12865e-05
256  0.00830 -4.83806e-05 |257  0.00328  3.31669e-06 |258  0.00002  3.73803e-04
259  0.00281  3.33188e-04 |260 -0.00286  3.48429e-04 |261 -0.00190  3.69720e-04
262  0.00396  3.64323e-04 |263  0.01767  3.25813e-04 |264 -0.01659  3.11152e-04
265  0.00555  3.01527e-04 |266 -0.00013  3.32930e-04 |267 -0.02442  3.19239e-04
268  0.01210  3.09478e-04 |269 -0.01073  2.89785e-04 |270  0.00035  2.10974e-04
271 -0.00125  1.91724e-04 |272  0.00295  9.46259e-05 |273 -0.00202  9.10109e-05
274  0.00153  8.89592e-05 |275  0.00075  1.35850e-04 |276  0.00389  1.15365e-04
277 -0.00006  4.29602e-05 |278 -0.00230  1.00287e-04 |279  0.00063  7.37940e-05
280  0.00162  6.58350e-05 |281  0.00228  4.94803e-05 |282  0.00543 -1.78167e-05
283 -0.01357 -5.48433e-05 |284  0.00738 -9.02731e-05 |285 -0.00223 -8.87967e-05
286  0.00017 -8.73981e-05 |287  0.00385 -8.12423e-05 |288 -0.00258 -8.13824e-05
289 -0.00087 -8.66289e-05 |290 -0.00285 -1.27024e-04 |291  0.00741 -1.21790e-04
292  0.00638 -1.19079e-04 |293 -0.00780 -8.52690e-05 |294  0.00011 -2.14625e-05
295  0.00225 -5.50736e-05 |296  0.00743 -6.33633e-05 |297 -0.00957 -1.71051e-04
298 -0.00395 -3.21807e-04 |299 -0.00111 -2.15646e-04 |300 -0.00142 -2.34699e-04
301  0.00630 -2.24284e-04 |302  0.00144 -2.00475e-04 |303 -0.00640 -1.70604e-04
304  0.00399 -1.30793e-04 |305 -0.00345 -1.16542e-04 |306  0.00476 -1.23796e-04
307 -0.00136 -6.60925e-05 |308  0.00042 -1.48442e-05 |309 -0.00406  3.17816e-05
310  0.00806  4.07020e-05 |311 -0.00201  7.13899e-05 |312 -0.00484  5.85122e-05
313  0.00648  1.79392e-06 |314  0.00489 -4.03694e-05 |315  0.00262  8.49164e-06
316 -0.01017  3.90900e-05 |317  0.00312  3.36272e-05 |318  0.00057  1.65219e-05
319  0.00053 -2.06698e-05 |320 -0.00005 -4.72054e-05 |321  0.00096 -9.30079e-05
322 -0.00472 -1.15396e-04 |323  0.01273 -5.97803e-05 |324 -0.01867 -8.04543e-07
325 -0.00633  5.13169e-05 |
Estimating row 1 out of 325 for hessian
Estimating row 2 out of 325 for hessian
Estimating row 3 out of 325 for hessian
Estimating row 4 out of 325 for hessian
Estimating row 5 out of 325 for hessian
Estimating row 6 out of 325 for hessian
Estimating row 7 out of 325 for hessian
Estimating row 8 out of 325 for hessian
Estimating row 9 out of 325 for hessian
Estimating row 10 out of 325 for hessian
Estimating row 11 out of 325 for hessian
Estimating row 12 out of 325 for hessian
Estimating row 13 out of 325 for hessian
Estimating row 14 out of 325 for hessian
Estimating row 15 out of 325 for hessian
Estimating row 16 out of 325 for hessian
Estimating row 17 out of 325 for hessian
Estimating row 18 out of 325 for hessian
Estimating row 19 out of 325 for hessian
Estimating row 20 out of 325 for hessian
Estimating row 21 out of 325 for hessian
Estimating row 22 out of 325 for hessian
Estimating row 23 out of 325 for hessian
Estimating row 24 out of 325 for hessian
Estimating row 25 out of 325 for hessian
Estimating row 26 out of 325 for hessian
Estimating row 27 out of 325 for hessian
Estimating row 28 out of 325 for hessian
Estimating row 29 out of 325 for hessian
Estimating row 30 out of 325 for hessian
Estimating row 31 out of 325 for hessian
Estimating row 32 out of 325 for hessian
Estimating row 33 out of 325 for hessian
Estimating row 34 out of 325 for hessian
Estimating row 35 out of 325 for hessian
Estimating row 36 out of 325 for hessian
Estimating row 37 out of 325 for hessian
Estimating row 38 out of 325 for hessian
Estimating row 39 out of 325 for hessian
Estimating row 40 out of 325 for hessian
Estimating row 41 out of 325 for hessian
Estimating row 42 out of 325 for hessian
Estimating row 43 out of 325 for hessian
Estimating row 44 out of 325 for hessian
Estimating row 45 out of 325 for hessian
Estimating row 46 out of 325 for hessian
Estimating row 47 out of 325 for hessian
Estimating row 48 out of 325 for hessian
Estimating row 49 out of 325 for hessian
Estimating row 50 out of 325 for hessian
Estimating row 51 out of 325 for hessian
Estimating row 52 out of 325 for hessian
Estimating row 53 out of 325 for hessian
Estimating row 54 out of 325 for hessian
Estimating row 55 out of 325 for hessian
Estimating row 56 out of 325 for hessian
Estimating row 57 out of 325 for hessian
Estimating row 58 out of 325 for hessian
Estimating row 59 out of 325 for hessian
Estimating row 60 out of 325 for hessian
Estimating row 61 out of 325 for hessian
Estimating row 62 out of 325 for hessian
Estimating row 63 out of 325 for hessian
Estimating row 64 out of 325 for hessian
Estimating row 65 out of 325 for hessian
Estimating row 66 out of 325 for hessian
Estimating row 67 out of 325 for hessian
Estimating row 68 out of 325 for hessian
Estimating row 69 out of 325 for hessian
Estimating row 70 out of 325 for hessian
Estimating row 71 out of 325 for hessian
Estimating row 72 out of 325 for hessian
Estimating row 73 out of 325 for hessian
Estimating row 74 out of 325 for hessian
Estimating row 75 out of 325 for hessian
Estimating row 76 out of 325 for hessian
Estimating row 77 out of 325 for hessian
Estimating row 78 out of 325 for hessian
Estimating row 79 out of 325 for hessian
Estimating row 80 out of 325 for hessian
Estimating row 81 out of 325 for hessian
Estimating row 82 out of 325 for hessian
Estimating row 83 out of 325 for hessian
Estimating row 84 out of 325 for hessian
Estimating row 85 out of 325 for hessian
Estimating row 86 out of 325 for hessian
Estimating row 87 out of 325 for hessian
Estimating row 88 out of 325 for hessian
Estimating row 89 out of 325 for hessian
Estimating row 90 out of 325 for hessian
Estimating row 91 out of 325 for hessian
Estimating row 92 out of 325 for hessian
Estimating row 93 out of 325 for hessian
Estimating row 94 out of 325 for hessian
Estimating row 95 out of 325 for hessian
Estimating row 96 out of 325 for hessian
Estimating row 97 out of 325 for hessian
Estimating row 98 out of 325 for hessian
Estimating row 99 out of 325 for hessian
Estimating row 100 out of 325 for hessian
Estimating row 101 out of 325 for hessian
Estimating row 102 out of 325 for hessian
Estimating row 103 out of 325 for hessian
Estimating row 104 out of 325 for hessian
Estimating row 105 out of 325 for hessian
Estimating row 106 out of 325 for hessian
Estimating row 107 out of 325 for hessian
Estimating row 108 out of 325 for hessian
Estimating row 109 out of 325 for hessian
Estimating row 110 out of 325 for hessian
Estimating row 111 out of 325 for hessian
Estimating row 112 out of 325 for hessian
Estimating row 113 out of 325 for hessian
Estimating row 114 out of 325 for hessian
Estimating row 115 out of 325 for hessian
Estimating row 116 out of 325 for hessian
Estimating row 117 out of 325 for hessian
Estimating row 118 out of 325 for hessian
Estimating row 119 out of 325 for hessian
Estimating row 120 out of 325 for hessian
Estimating row 121 out of 325 for hessian
Estimating row 122 out of 325 for hessian
Estimating row 123 out of 325 for hessian
Estimating row 124 out of 325 for hessian
Estimating row 125 out of 325 for hessian
Estimating row 126 out of 325 for hessian
Estimating row 127 out of 325 for hessian
Estimating row 128 out of 325 for hessian
Estimating row 129 out of 325 for hessian
Estimating row 130 out of 325 for hessian
Estimating row 131 out of 325 for hessian
Estimating row 132 out of 325 for hessian
Estimating row 133 out of 325 for hessian
Estimating row 134 out of 325 for hessian
Estimating row 135 out of 325 for hessian
Estimating row 136 out of 325 for hessian
Estimating row 137 out of 325 for hessian
Estimating row 138 out of 325 for hessian
Estimating row 139 out of 325 for hessian
Estimating row 140 out of 325 for hessian
Estimating row 141 out of 325 for hessian
Estimating row 142 out of 325 for hessian
Estimating row 143 out of 325 for hessian
Estimating row 144 out of 325 for hessian
Estimating row 145 out of 325 for hessian
Estimating row 146 out of 325 for hessian
Estimating row 147 out of 325 for hessian
Estimating row 148 out of 325 for hessian
Estimating row 149 out of 325 for hessian
Estimating row 150 out of 325 for hessian
Estimating row 151 out of 325 for hessian
Estimating row 152 out of 325 for hessian
Estimating row 153 out of 325 for hessian
Estimating row 154 out of 325 for hessian
Estimating row 155 out of 325 for hessian
Estimating row 156 out of 325 for hessian
Estimating row 157 out of 325 for hessian
Estimating row 158 out of 325 for hessian
Estimating row 159 out of 325 for hessian
Estimating row 160 out of 325 for hessian
Estimating row 161 out of 325 for hessian
Estimating row 162 out of 325 for hessian
Estimating row 163 out of 325 for hessian
Estimating row 164 out of 325 for hessian
Estimating row 165 out of 325 for hessian
Estimating row 166 out of 325 for hessian
Estimating row 167 out of 325 for hessian
Estimating row 168 out of 325 for hessian
Estimating row 169 out of 325 for hessian
Estimating row 170 out of 325 for hessian
Estimating row 171 out of 325 for hessian
Estimating row 172 out of 325 for hessian
Estimating row 173 out of 325 for hessian
Estimating row 174 out of 325 for hessian
Estimating row 175 out of 325 for hessian
Estimating row 176 out of 325 for hessian
Estimating row 177 out of 325 for hessian
Estimating row 178 out of 325 for hessian
Estimating row 179 out of 325 for hessian
Estimating row 180 out of 325 for hessian
Estimating row 181 out of 325 for hessian
Estimating row 182 out of 325 for hessian
Estimating row 183 out of 325 for hessian
Estimating row 184 out of 325 for hessian
Estimating row 185 out of 325 for hessian
Estimating row 186 out of 325 for hessian
Estimating row 187 out of 325 for hessian
Estimating row 188 out of 325 for hessian
Estimating row 189 out of 325 for hessian
Estimating row 190 out of 325 for hessian
Estimating row 191 out of 325 for hessian
Estimating row 192 out of 325 for hessian
Estimating row 193 out of 325 for hessian
Estimating row 194 out of 325 for hessian
Estimating row 195 out of 325 for hessian
Estimating row 196 out of 325 for hessian
Estimating row 197 out of 325 for hessian
Estimating row 198 out of 325 for hessian
Estimating row 199 out of 325 for hessian
Estimating row 200 out of 325 for hessian
Estimating row 201 out of 325 for hessian
Estimating row 202 out of 325 for hessian
Estimating row 203 out of 325 for hessian
Estimating row 204 out of 325 for hessian
Estimating row 205 out of 325 for hessian
Estimating row 206 out of 325 for hessian
Estimating row 207 out of 325 for hessian
Estimating row 208 out of 325 for hessian
Estimating row 209 out of 325 for hessian
Estimating row 210 out of 325 for hessian
Estimating row 211 out of 325 for hessian
Estimating row 212 out of 325 for hessian
Estimating row 213 out of 325 for hessian
Estimating row 214 out of 325 for hessian
Estimating row 215 out of 325 for hessian
Estimating row 216 out of 325 for hessian
Estimating row 217 out of 325 for hessian
Estimating row 218 out of 325 for hessian
Estimating row 219 out of 325 for hessian
Estimating row 220 out of 325 for hessian
Estimating row 221 out of 325 for hessian
Estimating row 222 out of 325 for hessian
Estimating row 223 out of 325 for hessian
Estimating row 224 out of 325 for hessian
Estimating row 225 out of 325 for hessian
Estimating row 226 out of 325 for hessian
Estimating row 227 out of 325 for hessian
Estimating row 228 out of 325 for hessian
Estimating row 229 out of 325 for hessian
Estimating row 230 out of 325 for hessian
Estimating row 231 out of 325 for hessian
Estimating row 232 out of 325 for hessian
Estimating row 233 out of 325 for hessian
Estimating row 234 out of 325 for hessian
Estimating row 235 out of 325 for hessian
Estimating row 236 out of 325 for hessian
Estimating row 237 out of 325 for hessian
Estimating row 238 out of 325 for hessian
Estimating row 239 out of 325 for hessian
Estimating row 240 out of 325 for hessian
Estimating row 241 out of 325 for hessian
Estimating row 242 out of 325 for hessian
Estimating row 243 out of 325 for hessian
Estimating row 244 out of 325 for hessian
Estimating row 245 out of 325 for hessian
Estimating row 246 out of 325 for hessian
Estimating row 247 out of 325 for hessian
Estimating row 248 out of 325 for hessian
Estimating row 249 out of 325 for hessian
Estimating row 250 out of 325 for hessian
Estimating row 251 out of 325 for hessian
Estimating row 252 out of 325 for hessian
Estimating row 253 out of 325 for hessian
Estimating row 254 out of 325 for hessian
Estimating row 255 out of 325 for hessian
Estimating row 256 out of 325 for hessian
Estimating row 257 out of 325 for hessian
Estimating row 258 out of 325 for hessian
Estimating row 259 out of 325 for hessian
Estimating row 260 out of 325 for hessian
Estimating row 261 out of 325 for hessian
Estimating row 262 out of 325 for hessian
Estimating row 263 out of 325 for hessian
Estimating row 264 out of 325 for hessian
Estimating row 265 out of 325 for hessian
Estimating row 266 out of 325 for hessian
Estimating row 267 out of 325 for hessian
Estimating row 268 out of 325 for hessian
Estimating row 269 out of 325 for hessian
Estimating row 270 out of 325 for hessian
Estimating row 271 out of 325 for hessian
Estimating row 272 out of 325 for hessian
Estimating row 273 out of 325 for hessian
Estimating row 274 out of 325 for hessian
Estimating row 275 out of 325 for hessian
Estimating row 276 out of 325 for hessian
Estimating row 277 out of 325 for hessian
Estimating row 278 out of 325 for hessian
Estimating row 279 out of 325 for hessian
Estimating row 280 out of 325 for hessian
Estimating row 281 out of 325 for hessian
Estimating row 282 out of 325 for hessian
Estimating row 283 out of 325 for hessian
Estimating row 284 out of 325 for hessian
Estimating row 285 out of 325 for hessian
Estimating row 286 out of 325 for hessian
Estimating row 287 out of 325 for hessian
Estimating row 288 out of 325 for hessian
Estimating row 289 out of 325 for hessian
Estimating row 290 out of 325 for hessian
Estimating row 291 out of 325 for hessian
Estimating row 292 out of 325 for hessian
Estimating row 293 out of 325 for hessian
Estimating row 294 out of 325 for hessian
Estimating row 295 out of 325 for hessian
Estimating row 296 out of 325 for hessian
Estimating row 297 out of 325 for hessian
Estimating row 298 out of 325 for hessian
Estimating row 299 out of 325 for hessian
Estimating row 300 out of 325 for hessian
Estimating row 301 out of 325 for hessian
Estimating row 302 out of 325 for hessian
Estimating row 303 out of 325 for hessian
Estimating row 304 out of 325 for hessian
Estimating row 305 out of 325 for hessian
Estimating row 306 out of 325 for hessian
Estimating row 307 out of 325 for hessian
Estimating row 308 out of 325 for hessian
Estimating row 309 out of 325 for hessian
Estimating row 310 out of 325 for hessian
Estimating row 311 out of 325 for hessian
Estimating row 312 out of 325 for hessian
Estimating row 313 out of 325 for hessian
Estimating row 314 out of 325 for hessian
Estimating row 315 out of 325 for hessian
Estimating row 316 out of 325 for hessian
Estimating row 317 out of 325 for hessian
Estimating row 318 out of 325 for hessian
Estimating row 319 out of 325 for hessian
Estimating row 320 out of 325 for hessian
Estimating row 321 out of 325 for hessian
Estimating row 322 out of 325 for hessian
Estimating row 323 out of 325 for hessian
Estimating row 324 out of 325 for hessian
Estimating row 325 out of 325 for hessian
size of file gradfil1.tmp = 0
size of file gradfil2.tmp = 0
size of file varssave.tmp = 0
size of file cmpdiff.tmp = 0
